Test Cases for Serialization and Deserialization problem.

============================================================================

test 1: when both output1.txt and output2.txt file present and we serialize and then deserializes the objects.

Output:-
PS E:\Work\Java work\Serialization_and_Deserialization> java SerializationTest output1.txt
Dhruv1 12/01/2002 Indore MP 452011 India
Dhruv2 12/01/2002 Indore MP 452011 India
Dhruv3 12/01/2002 Indore MP 452011 India
Dhruv4 12/01/2002 Indore MP 452011 India
Enter file name you want to Serialize
data is Serialized

PS E:\Work\Java work\Serialization_and_Deserialization> java DeserializationTest output1.txt
Deserializing Output1.txt data
Dhruv1 12/01/2002 Indore MP 452011 India
Dhruv2 12/01/2002 Indore MP 452011 India
Dhruv3 12/01/2002 Indore MP 452011 India
Dhruv4 12/01/2002 Indore MP 452011 India
data is Deserialized


============================================================================

test 2: changing date of birth to date type then running the above test-1 again but with new file output2.txt.

output:-

PS E:\Work\Java work\Serialization_and_Deserialization> java SerializationTest output2.txt
Dhruv1 Sun Dec 01 00:00:00 IST 2002 Indore MP 452011 India
Dhruv2 Sun Dec 01 00:00:00 IST 2002 Indore MP 452011 India
Dhruv3 Sun Dec 01 00:00:00 IST 2002 Indore MP 452011 India
Dhruv4 Sun Dec 01 00:00:00 IST 2002 Indore MP 452011 India
Enter file name you want to Serialize
data is Serialized

PS E:\Work\Java work\Serialization_and_Deserialization> java DeserializationTest output1.txt
Deserializing Output1.txt data
Dhruv1 Sun Dec 01 00:00:00 IST 2002 Indore MP 452011 India
Dhruv2 Sun Dec 01 00:00:00 IST 2002 Indore MP 452011 India
Dhruv3 Sun Dec 01 00:00:00 IST 2002 Indore MP 452011 India
Dhruv4 Sun Dec 01 00:00:00 IST 2002 Indore MP 452011 India
data is Deserialized

============================================================================

test 3: Deserializing the output1.txt file again which contains serialized data of previous class version.

PS E:\Work\Java work\Serialization_and_Deserialization>java SerializationTest output1.txt
Deserializing Output1.txt data
Dhruv1 12/01/2002 Indore MP 452011 India
Dhruv2 12/01/2002 Indore MP 452011 India
Dhruv3 12/01/2002 Indore MP 452011 India
Dhruv4 12/01/2002 Indore MP 452011 India
data is Deserialized

============================================================================

test 4: deserializing when output1.txt file is not present.

output:
PS E:\Work\Java work\Serialization_and_Deserialization> java DeserializationTest output1.txt
output1.txt file not found !!!

============================================================================

test 5: deserializing when output2.txt file is not present.

output:
PS E:\Work\Java work\Serialization_and_Deserialization> node DeserializationTest.js output2.txt
output2.txt file not found !!!

============================================================================

Test 6: Test when the serialized file is added with some unwanted changes

output:
PS E:\Work\Java work\Serialization_and_Deserialization> java DeserializationTest output2.txt
Deserializing Output1.txt data
Exception during deserialization: java.io.StreamCorruptedException: invalid stream header: ACED2005

============================================================================